
    -----------------------------------------------------------------------
          Psi4: An Open-Source Ab Initio Electronic Structure Package
                               Psi4 1.2a1.dev597 

                         Git: Rev {master} 0ddc90a 


    R. M. Parrish, L. A. Burns, D. G. A. Smith, A. C. Simmonett,
    A. E. DePrince III, E. G. Hohenstein, U. Bozkaya, A. Yu. Sokolov,
    R. Di Remigio, R. M. Richard, J. F. Gonthier, A. M. James,
    H. R. McAlexander, A. Kumar, M. Saitow, X. Wang, B. P. Pritchard,
    P. Verma, H. F. Schaefer III, K. Patkowski, R. A. King, E. F. Valeev,
    F. A. Evangelista, J. M. Turney, T. D. Crawford, and C. D. Sherrill,
    J. Chem. Theory Comput. 13(7) pp 3185--3197 (2017).
    (doi: 10.1021/acs.jctc.7b00174)

    -----------------------------------------------------------------------


    Psi4 started on: Sunday, 07 January 2018 09:24AM

    Process ID:   3525
    PSIDATADIR: /edfs/users/deprince/software/psi4/install/intel-release-ed7/share/psi4
    Memory:     500.0 MiB
    Threads:    6
    
  ==> Input File <==

--------------------------------------------------------------------------
#! cc-pvdz (H2O)2 Test DF-CCSD vs GPU-DF-CCSD

sys.path.insert(0,'../../../.')

import gpu_dfcc

molecule {
           O          0.000000000000     0.000000000000    -0.068516219310   
           H          0.000000000000    -0.790689573744     0.543701060724   
           H          0.000000000000     0.790689573744     0.543701060724   
           O          5.000000000000     0.000000000000    -0.068516219310   
           H          5.000000000000    -0.790689573744     0.543701060724   
           H          5.000000000000     0.790689573744     0.543701060724   
}

memory 32000 mb
set {
  cc_timings true
  num_gpus 1
  cc_type df
  df_basis_cc aug-cc-pvdz-ri
  df_basis_scf aug-cc-pvdz-jkfit
  basis        aug-cc-pvdz
  freeze_core true
  e_convergence 1e-8
  d_convergence 1e-8
  r_convergence 1e-8
  scf_type df
  maxiter 30
}

en = energy('gpu-df-ccsd')

ref_energy = -152.532253156213 # TEST
#compare_values(ref_energy, get_variable("CURRENT ENERGY"), 8, "CCSD total energy") # TEST
compare_values(ref_energy, en, 8, "CCSD total energy") # TEST


--------------------------------------------------------------------------
/edfs/users/deprince/software/gpu_dfcc/gpu_dfcc.so loaded.

  Memory set to  29.802 GiB by Python driver.

*** tstart() called on ed7
*** at Sun Jan  7 09:24:31 2018

  A requested method does not make use of molecular symmetry: further calculations in C1 point group.
   => Loading Basis Set <=

    Name: AUG-CC-PVDZ
    Role: ORBITAL
    Keyword: BASIS
    atoms 1, 4     entry O          line   250 file /edfs/users/deprince/software/psi4/install/intel-release-ed7/share/psi4/basis/aug-cc-pvdz.gbs 
    atoms 2-3, 5-6 entry H          line    36 file /edfs/users/deprince/software/psi4/install/intel-release-ed7/share/psi4/basis/aug-cc-pvdz.gbs 

    There are an even number of electrons - assuming singlet.
    Specify the multiplicity in the molecule input block.


         ---------------------------------------------------------
                                   SCF
            by Justin Turney, Rob Parrish, Andy Simmonett
                             and Daniel Smith
                              RHF Reference
                        6 Threads,  30517 MiB Core
         ---------------------------------------------------------

  ==> Geometry <==

    Molecular point group: c1
    Full point group: C2v

    Geometry (in Angstrom), charge = 0, multiplicity = 1:

       Center              X                  Y                   Z               Mass       
    ------------   -----------------  -----------------  -----------------  -----------------
           O         -2.500000000000    -0.000000000000    -0.068516219310    15.994914619560
           H         -2.500000000000    -0.790689573744     0.543701060724     1.007825032070
           H         -2.500000000000     0.790689573744     0.543701060724     1.007825032070
           O          2.500000000000     0.000000000000    -0.068516219310    15.994914619560
           H          2.500000000000    -0.790689573744     0.543701060724     1.007825032070
           H          2.500000000000     0.790689573744     0.543701060724     1.007825032070

  Running in c1 symmetry.

  Rotational constants: A =      4.36477  B =      0.07444  C =      0.07405 [cm^-1]
  Rotational constants: A = 130852.62639  B =   2231.51073  C =   2219.95917 [MHz]
  Nuclear repulsion =   28.110853739622517

  Charge       = 0
  Multiplicity = 1
  Electrons    = 20
  Nalpha       = 10
  Nbeta        = 10

  ==> Algorithm <==

  SCF Algorithm Type is DF.
  DIIS enabled.
  MOM disabled.
  Fractional occupation disabled.
  Guess Type is SAD.
  Energy threshold   = 1.00e-08
  Density threshold  = 1.00e-08
  Integral threshold = 0.00e+00

  ==> Primary Basis <==

  Basis Set: AUG-CC-PVDZ
    Blend: AUG-CC-PVDZ
    Number of shells: 38
    Number of basis function: 82
    Number of Cartesian functions: 86
    Spherical Harmonics?: true
    Max angular momentum: 2

   => Loading Basis Set <=

    Name: AUG-CC-PVDZ-JKFIT
    Role: JKFIT
    Keyword: DF_BASIS_SCF
    atoms 1, 4     entry O          line   270 file /edfs/users/deprince/software/psi4/install/intel-release-ed7/share/psi4/basis/aug-cc-pvdz-jkfit.gbs 
    atoms 2-3, 5-6 entry H          line    70 file /edfs/users/deprince/software/psi4/install/intel-release-ed7/share/psi4/basis/aug-cc-pvdz-jkfit.gbs 

  ==> Pre-Iterations <==

   -------------------------------------------------------
    Irrep   Nso     Nmo     Nalpha   Nbeta   Ndocc  Nsocc
   -------------------------------------------------------
     A         82      82       0       0       0       0
   -------------------------------------------------------
    Total      82      82      10      10      10       0
   -------------------------------------------------------

  ==> Integral Setup <==

  ==> DFJK: Density-Fitted J/K Matrices <==

    J tasked:                  Yes
    K tasked:                  Yes
    wK tasked:                  No
    OpenMP threads:              6
    Integrals threads:           6
    Memory (MB):             22888
    Algorithm:                Core
    Integral Cache:           SAVE
    Schwarz Cutoff:          1E-12
    Fitting Condition:       1E-12

   => Auxiliary Basis Set <=

  Basis Set: AUG-CC-PVDZ-JKFIT
    Blend: AUG-CC-PVDZ-JKFIT
    Number of shells: 104
    Number of basis function: 300
    Number of Cartesian functions: 342
    Spherical Harmonics?: true
    Max angular momentum: 3

  Minimum eigenvalue in the overlap matrix is 2.5565648940E-03.
  Using Symmetric Orthogonalization.

  SCF Guess: Superposition of Atomic Densities via on-the-fly atomic UHF.

  ==> Iterations <==

                           Total Energy        Delta E     RMS |[F,P]|

   @DF-RHF iter   0:  -151.87849272150299   -1.51878e+02   6.58420e-02 
   @DF-RHF iter   1:  -151.99510649485359   -1.16614e-01   1.17964e-02 
   @DF-RHF iter   2:  -152.04878691023984   -5.36804e-02   6.92113e-03 DIIS
   @DF-RHF iter   3:  -152.06894870599655   -2.01618e-02   1.10221e-03 DIIS
   @DF-RHF iter   4:  -152.07021211119411   -1.26341e-03   3.43621e-04 DIIS
   @DF-RHF iter   5:  -152.07040591997844   -1.93809e-04   7.89391e-05 DIIS
   @DF-RHF iter   6:  -152.07041883616603   -1.29162e-05   1.04878e-05 DIIS
   @DF-RHF iter   7:  -152.07041905359526   -2.17429e-07   1.32490e-06 DIIS
   @DF-RHF iter   8:  -152.07041905657883   -2.98357e-09   3.07907e-07 DIIS
   @DF-RHF iter   9:  -152.07041905677892   -2.00089e-10   9.93152e-08 DIIS
   @DF-RHF iter  10:  -152.07041905680160   -2.26805e-11   3.23020e-08 DIIS
   @DF-RHF iter  11:  -152.07041905680219   -5.96856e-13   6.33901e-09 DIIS

  ==> Post-Iterations <==

    Orbital Energies (a.u.)
    -----------------------

    Doubly Occupied:                                                      

       1A    -20.582512     2A    -20.582512     3A     -1.333883  
       4A     -1.333861     5A     -0.694766     6A     -0.694715  
       7A     -0.575509     8A     -0.575409     9A     -0.504767  
      10A     -0.503606  

    Virtual:                                                              

      11A      0.028871    12A      0.047310    13A      0.050466  
      14A      0.070066    15A      0.165872    16A      0.183640  
      17A      0.187630    18A      0.220955    19A      0.226231  
      20A      0.227353    21A      0.243798    22A      0.262515  
      23A      0.277814    24A      0.282627    25A      0.313731  
      26A      0.350241    27A      0.369413    28A      0.384419  
      29A      0.402991    30A      0.431316    31A      0.440181  
      32A      0.460889    33A      0.525214    34A      0.547485  
      35A      0.640484    36A      0.642129    37A      0.655028  
      38A      0.661982    39A      0.793368    40A      0.799426  
      41A      0.920922    42A      0.937671    43A      1.106316  
      44A      1.118097    45A      1.122121    46A      1.139484  
      47A      1.148749    48A      1.159159    49A      1.286096  
      50A      1.325039    51A      1.455381    52A      1.457817  
      53A      1.464448    54A      1.491857    55A      1.565741  
      56A      1.602428    57A      1.967688    58A      1.978020  
      59A      1.989867    60A      1.993025    61A      2.082498  
      62A      2.088897    63A      2.347273    64A      2.349119  
      65A      2.399370    66A      2.404139    67A      2.537390  
      68A      2.542156    69A      2.697555    70A      2.710367  
      71A      2.963810    72A      2.982589    73A      3.673498  
      74A      3.684594    75A      3.685028    76A      3.692505  
      77A      3.697327    78A      3.702563    79A      3.972555  
      80A      3.987724    81A      4.219969    82A      4.222160  

    Final Occupation by Irrep:
              A 
    DOCC [    10 ]

  Energy converged.

  @DF-RHF Final Energy:  -152.07041905680219

   => Energetics <=

    Nuclear Repulsion Energy =             28.1108537396225167
    One-Electron Energy =                -265.5994676741827902
    Two-Electron Energy =                  85.4181948777580828
    Total Energy =                       -152.0704190568021943



Properties will be evaluated at   0.000000,   0.000000,   0.000000 Bohr

Properties computed using the SCF density matrix

  Nuclear Dipole Moment: (a.u.)
     X:     0.0000      Y:     0.0000      Z:     2.0382

  Electronic Dipole Moment: (a.u.)
     X:     0.0000      Y:     0.0000      Z:    -0.4544

  Dipole Moment: (a.u.)
     X:     0.0000      Y:     0.0000      Z:     1.5838     Total:     1.5838

  Dipole Moment: (Debye)
     X:     0.0000      Y:     0.0000      Z:     4.0255     Total:     4.0255


*** tstop() called on ed7 at Sun Jan  7 09:24:33 2018
Module time:
	user time   =       8.58 seconds =       0.14 minutes
	system time =       0.19 seconds =       0.00 minutes
	total time  =          2 seconds =       0.03 minutes
Total time:
	user time   =       8.58 seconds =       0.14 minutes
	system time =       0.19 seconds =       0.00 minutes
	total time  =          2 seconds =       0.03 minutes
   => Loading Basis Set <=

    Name: AUG-CC-PVDZ-RI
    Role: RIFIT
    Keyword: DF_BASIS_CC
    atoms 1, 4     entry O          line   204 file /edfs/users/deprince/software/psi4/install/intel-release-ed7/share/psi4/basis/aug-cc-pvdz-ri.gbs 
    atoms 2-3, 5-6 entry H          line    30 file /edfs/users/deprince/software/psi4/install/intel-release-ed7/share/psi4/basis/aug-cc-pvdz-ri.gbs 


Reading options from the GPU_DFCC block
Calling plugin gpu_dfcc.so.


  ==> 3-index integrals <==

  ==> DF Tensor (by Rob Parrish) <==

 => Primary Basis Set <= 

  Basis Set: AUG-CC-PVDZ
    Blend: AUG-CC-PVDZ
    Number of shells: 38
    Number of basis function: 82
    Number of Cartesian functions: 86
    Spherical Harmonics?: true
    Max angular momentum: 2

 => Auxiliary Basis Set <= 

  Basis Set: AUG-CC-PVDZ-RI
    Blend: AUG-CC-PVDZ-RI
    Number of shells: 80
    Number of basis function: 236
    Number of Cartesian functions: 272
    Spherical Harmonics?: true
    Max angular momentum: 3

    Number of auxiliary functions:         236


  _________________________________________________________
  CUDA device properties:
  name:                         Quadro GP100
  major version:                           6
  minor version:                           0
  canMapHostMemory:                        1
  totalGlobalMem:                      16273 mb
  sharedMemPerBlock:                   49152
  clockRate:                           1.442 ghz
  regsPerBlock:                        65536
  warpSize:                               32
  maxThreadsPerBlock:                   1024
  _________________________________________________________


  allocating gpu memory...  Total memory requirements:           36.77 mb
  3-index integrals:                   13.33 mb
  CCSD intermediates:                  23.44 mb


  Begin singles and doubles coupled cluster iterations

   Iter  DIIS          Energy       d(Energy)          |d(T)|     time
        T1-transformed integrals                                          0.36

      0   0 1   -0.4464458136   -0.4464458136    0.3033839254        0
        A2 =      t(c,d,i,j) (ac|bd)                                      0.05

        C2 = -1/2 t(b,c,k,j) [ (ki|ac) - 1/2 t(a,d,l,i) (kd|lc) ]
                + t(b,c,k,i) [ (kj|ac) - 1/2 t(a,d,l,j) (kd|lc) ]         0.09
        A1 =      U(c,d,k,l) (ad|kc)                                      0.03
        B1 =    - U(a,c,k,l) (ki|lc)                                      0.00
        C1 =      F(k,c) U(a,c,i,k)                                       0.00
        D2 =  1/2 U(b,c,j,k) [ L(a,i,k,c) + 1/2 U(a,d,i,l) L(l,d,k,c) ]   0.03
        E2 =      t(a,c,i,j) [ F(b,c) - U(b,d,k,l) (ld|kc) ]              0.01
                - t(a,b,i,k) [ F(k,j) - U(c,d,l,j) (kd|lc) ]              0.01
        B2 =      t(a,b,k,l) [ (ki|lj) + t(c,d,i,j) (kc|ld) ]             0.01
        T1-transformed integrals                                          0.52

      1   1 1   -0.4494046940   -0.0029588804    0.0574502471        1
        A2 =      t(c,d,i,j) (ac|bd)                                      0.05

        C2 = -1/2 t(b,c,k,j) [ (ki|ac) - 1/2 t(a,d,l,i) (kd|lc) ]
                + t(b,c,k,i) [ (kj|ac) - 1/2 t(a,d,l,j) (kd|lc) ]         0.08
        A1 =      U(c,d,k,l) (ad|kc)                                      0.03
        B1 =    - U(a,c,k,l) (ki|lc)                                      0.00
        C1 =      F(k,c) U(a,c,i,k)                                       0.00
        D2 =  1/2 U(b,c,j,k) [ L(a,i,k,c) + 1/2 U(a,d,i,l) L(l,d,k,c) ]   0.03
        E2 =      t(a,c,i,j) [ F(b,c) - U(b,d,k,l) (ld|kc) ]              0.01
                - t(a,b,i,k) [ F(k,j) - U(c,d,l,j) (kd|lc) ]              0.01
        B2 =      t(a,b,k,l) [ (ki|lj) + t(c,d,i,j) (kc|ld) ]             0.01
        T1-transformed integrals                                          0.56

      2   2 1   -0.4593953134   -0.0099906194    0.0197630211        1
        A2 =      t(c,d,i,j) (ac|bd)                                      0.05

        C2 = -1/2 t(b,c,k,j) [ (ki|ac) - 1/2 t(a,d,l,i) (kd|lc) ]
                + t(b,c,k,i) [ (kj|ac) - 1/2 t(a,d,l,j) (kd|lc) ]         0.09
        A1 =      U(c,d,k,l) (ad|kc)                                      0.02
        B1 =    - U(a,c,k,l) (ki|lc)                                      0.00
        C1 =      F(k,c) U(a,c,i,k)                                       0.00
        D2 =  1/2 U(b,c,j,k) [ L(a,i,k,c) + 1/2 U(a,d,i,l) L(l,d,k,c) ]   0.03
        E2 =      t(a,c,i,j) [ F(b,c) - U(b,d,k,l) (ld|kc) ]              0.01
                - t(a,b,i,k) [ F(k,j) - U(c,d,l,j) (kd|lc) ]              0.01
        B2 =      t(a,b,k,l) [ (ki|lj) + t(c,d,i,j) (kc|ld) ]             0.01
        T1-transformed integrals                                          0.52

      3   3 1   -0.4619604599   -0.0025651465    0.0084203540        1
        A2 =      t(c,d,i,j) (ac|bd)                                      0.05

        C2 = -1/2 t(b,c,k,j) [ (ki|ac) - 1/2 t(a,d,l,i) (kd|lc) ]
                + t(b,c,k,i) [ (kj|ac) - 1/2 t(a,d,l,j) (kd|lc) ]         0.09
        A1 =      U(c,d,k,l) (ad|kc)                                      0.02
        B1 =    - U(a,c,k,l) (ki|lc)                                      0.00
        C1 =      F(k,c) U(a,c,i,k)                                       0.00
        D2 =  1/2 U(b,c,j,k) [ L(a,i,k,c) + 1/2 U(a,d,i,l) L(l,d,k,c) ]   0.03
        E2 =      t(a,c,i,j) [ F(b,c) - U(b,d,k,l) (ld|kc) ]              0.01
                - t(a,b,i,k) [ F(k,j) - U(c,d,l,j) (kd|lc) ]              0.01
        B2 =      t(a,b,k,l) [ (ki|lj) + t(c,d,i,j) (kc|ld) ]             0.01
        T1-transformed integrals                                          0.52

      4   4 1   -0.4618104817    0.0001499781    0.0016091625        1
        A2 =      t(c,d,i,j) (ac|bd)                                      0.07

        C2 = -1/2 t(b,c,k,j) [ (ki|ac) - 1/2 t(a,d,l,i) (kd|lc) ]
                + t(b,c,k,i) [ (kj|ac) - 1/2 t(a,d,l,j) (kd|lc) ]         0.09
        A1 =      U(c,d,k,l) (ad|kc)                                      0.03
        B1 =    - U(a,c,k,l) (ki|lc)                                      0.00
        C1 =      F(k,c) U(a,c,i,k)                                       0.00
        D2 =  1/2 U(b,c,j,k) [ L(a,i,k,c) + 1/2 U(a,d,i,l) L(l,d,k,c) ]   0.03
        E2 =      t(a,c,i,j) [ F(b,c) - U(b,d,k,l) (ld|kc) ]              0.01
                - t(a,b,i,k) [ F(k,j) - U(c,d,l,j) (kd|lc) ]              0.01
        B2 =      t(a,b,k,l) [ (ki|lj) + t(c,d,i,j) (kc|ld) ]             0.01
        T1-transformed integrals                                          0.42

      5   5 1   -0.4618260975   -0.0000156158    0.0005733973        0
        A2 =      t(c,d,i,j) (ac|bd)                                      0.05

        C2 = -1/2 t(b,c,k,j) [ (ki|ac) - 1/2 t(a,d,l,i) (kd|lc) ]
                + t(b,c,k,i) [ (kj|ac) - 1/2 t(a,d,l,j) (kd|lc) ]         0.39
        A1 =      U(c,d,k,l) (ad|kc)                                      0.02
        B1 =    - U(a,c,k,l) (ki|lc)                                      0.00
        C1 =      F(k,c) U(a,c,i,k)                                       0.00
        D2 =  1/2 U(b,c,j,k) [ L(a,i,k,c) + 1/2 U(a,d,i,l) L(l,d,k,c) ]   0.03
        E2 =      t(a,c,i,j) [ F(b,c) - U(b,d,k,l) (ld|kc) ]              0.01
                - t(a,b,i,k) [ F(k,j) - U(c,d,l,j) (kd|lc) ]              0.01
        B2 =      t(a,b,k,l) [ (ki|lj) + t(c,d,i,j) (kc|ld) ]             0.01
        T1-transformed integrals                                          0.47

      6   6 1   -0.4618385630   -0.0000124655    0.0001583408        1
        A2 =      t(c,d,i,j) (ac|bd)                                      0.05

        C2 = -1/2 t(b,c,k,j) [ (ki|ac) - 1/2 t(a,d,l,i) (kd|lc) ]
                + t(b,c,k,i) [ (kj|ac) - 1/2 t(a,d,l,j) (kd|lc) ]         0.08
        A1 =      U(c,d,k,l) (ad|kc)                                      0.02
        B1 =    - U(a,c,k,l) (ki|lc)                                      0.00
        C1 =      F(k,c) U(a,c,i,k)                                       0.00
        D2 =  1/2 U(b,c,j,k) [ L(a,i,k,c) + 1/2 U(a,d,i,l) L(l,d,k,c) ]   0.03
        E2 =      t(a,c,i,j) [ F(b,c) - U(b,d,k,l) (ld|kc) ]              0.01
                - t(a,b,i,k) [ F(k,j) - U(c,d,l,j) (kd|lc) ]              0.01
        B2 =      t(a,b,k,l) [ (ki|lj) + t(c,d,i,j) (kc|ld) ]             0.01
        T1-transformed integrals                                          0.41

      7   7 1   -0.4618352274    0.0000033357    0.0000564327        1
        A2 =      t(c,d,i,j) (ac|bd)                                      0.07

        C2 = -1/2 t(b,c,k,j) [ (ki|ac) - 1/2 t(a,d,l,i) (kd|lc) ]
                + t(b,c,k,i) [ (kj|ac) - 1/2 t(a,d,l,j) (kd|lc) ]         0.08
        A1 =      U(c,d,k,l) (ad|kc)                                      0.02
        B1 =    - U(a,c,k,l) (ki|lc)                                      0.00
        C1 =      F(k,c) U(a,c,i,k)                                       0.00
        D2 =  1/2 U(b,c,j,k) [ L(a,i,k,c) + 1/2 U(a,d,i,l) L(l,d,k,c) ]   0.03
        E2 =      t(a,c,i,j) [ F(b,c) - U(b,d,k,l) (ld|kc) ]              0.01
                - t(a,b,i,k) [ F(k,j) - U(c,d,l,j) (kd|lc) ]              0.01
        B2 =      t(a,b,k,l) [ (ki|lj) + t(c,d,i,j) (kc|ld) ]             0.01
        T1-transformed integrals                                          0.51

      8   8 1   -0.4618341696    0.0000010578    0.0000176424        1
        A2 =      t(c,d,i,j) (ac|bd)                                      0.07

        C2 = -1/2 t(b,c,k,j) [ (ki|ac) - 1/2 t(a,d,l,i) (kd|lc) ]
                + t(b,c,k,i) [ (kj|ac) - 1/2 t(a,d,l,j) (kd|lc) ]         0.08
        A1 =      U(c,d,k,l) (ad|kc)                                      0.02
        B1 =    - U(a,c,k,l) (ki|lc)                                      0.00
        C1 =      F(k,c) U(a,c,i,k)                                       0.00
        D2 =  1/2 U(b,c,j,k) [ L(a,i,k,c) + 1/2 U(a,d,i,l) L(l,d,k,c) ]   0.03
        E2 =      t(a,c,i,j) [ F(b,c) - U(b,d,k,l) (ld|kc) ]              0.01
                - t(a,b,i,k) [ F(k,j) - U(c,d,l,j) (kd|lc) ]              0.01
        B2 =      t(a,b,k,l) [ (ki|lj) + t(c,d,i,j) (kc|ld) ]             0.01
        T1-transformed integrals                                          0.52

      9   8 2   -0.4618345164   -0.0000003468    0.0000070482        1
        A2 =      t(c,d,i,j) (ac|bd)                                      0.05

        C2 = -1/2 t(b,c,k,j) [ (ki|ac) - 1/2 t(a,d,l,i) (kd|lc) ]
                + t(b,c,k,i) [ (kj|ac) - 1/2 t(a,d,l,j) (kd|lc) ]         0.09
        A1 =      U(c,d,k,l) (ad|kc)                                      0.03
        B1 =    - U(a,c,k,l) (ki|lc)                                      0.00
        C1 =      F(k,c) U(a,c,i,k)                                       0.00
        D2 =  1/2 U(b,c,j,k) [ L(a,i,k,c) + 1/2 U(a,d,i,l) L(l,d,k,c) ]   0.03
        E2 =      t(a,c,i,j) [ F(b,c) - U(b,d,k,l) (ld|kc) ]              0.01
                - t(a,b,i,k) [ F(k,j) - U(c,d,l,j) (kd|lc) ]              0.01
        B2 =      t(a,b,k,l) [ (ki|lj) + t(c,d,i,j) (kc|ld) ]             0.01
        T1-transformed integrals                                          0.52

     10   8 3   -0.4618341625    0.0000003539    0.0000029556        1
        A2 =      t(c,d,i,j) (ac|bd)                                      0.06

        C2 = -1/2 t(b,c,k,j) [ (ki|ac) - 1/2 t(a,d,l,i) (kd|lc) ]
                + t(b,c,k,i) [ (kj|ac) - 1/2 t(a,d,l,j) (kd|lc) ]         0.13
        A1 =      U(c,d,k,l) (ad|kc)                                      0.03
        B1 =    - U(a,c,k,l) (ki|lc)                                      0.00
        C1 =      F(k,c) U(a,c,i,k)                                       0.00
        D2 =  1/2 U(b,c,j,k) [ L(a,i,k,c) + 1/2 U(a,d,i,l) L(l,d,k,c) ]   0.03
        E2 =      t(a,c,i,j) [ F(b,c) - U(b,d,k,l) (ld|kc) ]              0.01
                - t(a,b,i,k) [ F(k,j) - U(c,d,l,j) (kd|lc) ]              0.01
        B2 =      t(a,b,k,l) [ (ki|lj) + t(c,d,i,j) (kc|ld) ]             0.01
        T1-transformed integrals                                          0.45

     11   8 4   -0.4618341287    0.0000000338    0.0000010764        0
        A2 =      t(c,d,i,j) (ac|bd)                                      0.05

        C2 = -1/2 t(b,c,k,j) [ (ki|ac) - 1/2 t(a,d,l,i) (kd|lc) ]
                + t(b,c,k,i) [ (kj|ac) - 1/2 t(a,d,l,j) (kd|lc) ]         0.10
        A1 =      U(c,d,k,l) (ad|kc)                                      0.03
        B1 =    - U(a,c,k,l) (ki|lc)                                      0.00
        C1 =      F(k,c) U(a,c,i,k)                                       0.00
        D2 =  1/2 U(b,c,j,k) [ L(a,i,k,c) + 1/2 U(a,d,i,l) L(l,d,k,c) ]   0.12
        E2 =      t(a,c,i,j) [ F(b,c) - U(b,d,k,l) (ld|kc) ]              0.01
                - t(a,b,i,k) [ F(k,j) - U(c,d,l,j) (kd|lc) ]              0.01
        B2 =      t(a,b,k,l) [ (ki|lj) + t(c,d,i,j) (kc|ld) ]             0.01
        T1-transformed integrals                                          0.55

     12   8 5   -0.4618341046    0.0000000241    0.0000004373        1
        A2 =      t(c,d,i,j) (ac|bd)                                      0.06

        C2 = -1/2 t(b,c,k,j) [ (ki|ac) - 1/2 t(a,d,l,i) (kd|lc) ]
                + t(b,c,k,i) [ (kj|ac) - 1/2 t(a,d,l,j) (kd|lc) ]         0.09
        A1 =      U(c,d,k,l) (ad|kc)                                      0.03
        B1 =    - U(a,c,k,l) (ki|lc)                                      0.00
        C1 =      F(k,c) U(a,c,i,k)                                       0.00
        D2 =  1/2 U(b,c,j,k) [ L(a,i,k,c) + 1/2 U(a,d,i,l) L(l,d,k,c) ]   0.03
        E2 =      t(a,c,i,j) [ F(b,c) - U(b,d,k,l) (ld|kc) ]              0.01
                - t(a,b,i,k) [ F(k,j) - U(c,d,l,j) (kd|lc) ]              0.01
        B2 =      t(a,b,k,l) [ (ki|lj) + t(c,d,i,j) (kc|ld) ]             0.01
        T1-transformed integrals                                          0.45

     13   8 6   -0.4618340987    0.0000000059    0.0000001488        1
        A2 =      t(c,d,i,j) (ac|bd)                                      0.07

        C2 = -1/2 t(b,c,k,j) [ (ki|ac) - 1/2 t(a,d,l,i) (kd|lc) ]
                + t(b,c,k,i) [ (kj|ac) - 1/2 t(a,d,l,j) (kd|lc) ]         0.11
        A1 =      U(c,d,k,l) (ad|kc)                                      0.02
        B1 =    - U(a,c,k,l) (ki|lc)                                      0.00
        C1 =      F(k,c) U(a,c,i,k)                                       0.00
        D2 =  1/2 U(b,c,j,k) [ L(a,i,k,c) + 1/2 U(a,d,i,l) L(l,d,k,c) ]   0.03
        E2 =      t(a,c,i,j) [ F(b,c) - U(b,d,k,l) (ld|kc) ]              0.01
                - t(a,b,i,k) [ F(k,j) - U(c,d,l,j) (kd|lc) ]              0.01
        B2 =      t(a,b,k,l) [ (ki|lj) + t(c,d,i,j) (kc|ld) ]             0.01
        T1-transformed integrals                                          0.52

     14   8 7   -0.4618340984    0.0000000003    0.0000000522        1
        A2 =      t(c,d,i,j) (ac|bd)                                      0.05

        C2 = -1/2 t(b,c,k,j) [ (ki|ac) - 1/2 t(a,d,l,i) (kd|lc) ]
                + t(b,c,k,i) [ (kj|ac) - 1/2 t(a,d,l,j) (kd|lc) ]         0.11
        A1 =      U(c,d,k,l) (ad|kc)                                      0.03
        B1 =    - U(a,c,k,l) (ki|lc)                                      0.00
        C1 =      F(k,c) U(a,c,i,k)                                       0.00
        D2 =  1/2 U(b,c,j,k) [ L(a,i,k,c) + 1/2 U(a,d,i,l) L(l,d,k,c) ]   0.03
        E2 =      t(a,c,i,j) [ F(b,c) - U(b,d,k,l) (ld|kc) ]              0.01
                - t(a,b,i,k) [ F(k,j) - U(c,d,l,j) (kd|lc) ]              0.01
        B2 =      t(a,b,k,l) [ (ki|lj) + t(c,d,i,j) (kc|ld) ]             0.01
        T1-transformed integrals                                          0.54

     15   8 8   -0.4618340991   -0.0000000007    0.0000000235        1
        A2 =      t(c,d,i,j) (ac|bd)                                      0.06

        C2 = -1/2 t(b,c,k,j) [ (ki|ac) - 1/2 t(a,d,l,i) (kd|lc) ]
                + t(b,c,k,i) [ (kj|ac) - 1/2 t(a,d,l,j) (kd|lc) ]         0.16
        A1 =      U(c,d,k,l) (ad|kc)                                      0.03
        B1 =    - U(a,c,k,l) (ki|lc)                                      0.00
        C1 =      F(k,c) U(a,c,i,k)                                       0.00
        D2 =  1/2 U(b,c,j,k) [ L(a,i,k,c) + 1/2 U(a,d,i,l) L(l,d,k,c) ]   0.02
        E2 =      t(a,c,i,j) [ F(b,c) - U(b,d,k,l) (ld|kc) ]              0.01
                - t(a,b,i,k) [ F(k,j) - U(c,d,l,j) (kd|lc) ]              0.01
        B2 =      t(a,b,k,l) [ (ki|lj) + t(c,d,i,j) (kc|ld) ]             0.01
        T1-transformed integrals                                          0.52

     16   8 1   -0.4618340994   -0.0000000003    0.0000000106        1
        A2 =      t(c,d,i,j) (ac|bd)                                      0.05

        C2 = -1/2 t(b,c,k,j) [ (ki|ac) - 1/2 t(a,d,l,i) (kd|lc) ]
                + t(b,c,k,i) [ (kj|ac) - 1/2 t(a,d,l,j) (kd|lc) ]         0.09
        A1 =      U(c,d,k,l) (ad|kc)                                      0.02
        B1 =    - U(a,c,k,l) (ki|lc)                                      0.00
        C1 =      F(k,c) U(a,c,i,k)                                       0.00
        D2 =  1/2 U(b,c,j,k) [ L(a,i,k,c) + 1/2 U(a,d,i,l) L(l,d,k,c) ]   0.03
        E2 =      t(a,c,i,j) [ F(b,c) - U(b,d,k,l) (ld|kc) ]              0.01
                - t(a,b,i,k) [ F(k,j) - U(c,d,l,j) (kd|lc) ]              0.01
        B2 =      t(a,b,k,l) [ (ki|lj) + t(c,d,i,j) (kc|ld) ]             0.01
        T1-transformed integrals                                          0.47

     17   8 2   -0.4618340994    0.0000000000    0.0000000047        0

  CCSD iterations converged!

        T1 diagnostic:                        0.013007997879
        D1 diagnostic:                        0.030028061279

        OS MP2 correlation energy:           -0.332971728502
        SS MP2 correlation energy:           -0.113474085103
        MP2 correlation energy:              -0.446445813605
      * MP2 total energy:                  -152.516864870407

        OS CCSD correlation energy:          -0.362679850307
        SS CCSD correlation energy:          -0.099154249103
        CCSD correlation energy:             -0.461834099411
      * CCSD total energy:                 -152.532253156213

  Total time for CCSD iterations:      97.52 s (user)
                                        3.11 s (system)
                                          15 s (total)

  Time per iteration:                   5.74 s (user)
                                        0.18 s (system)
                                        0.88 s (total)

*** tstop() called on ed7 at Sun Jan  7 09:24:52 2018
Module time:
	user time   =     108.13 seconds =       1.80 minutes
	system time =       7.26 seconds =       0.12 minutes
	total time  =         21 seconds =       0.35 minutes
Total time:
	user time   =     108.13 seconds =       1.80 minutes
	system time =       7.26 seconds =       0.12 minutes
	total time  =         21 seconds =       0.35 minutes
