
    -----------------------------------------------------------------------
          Psi4: An Open-Source Ab Initio Electronic Structure Package
                               Psi4 1.2a1.dev1186 

                         Git: Rev {enable_gpu_dfcc} 3c352be 


    R. M. Parrish, L. A. Burns, D. G. A. Smith, A. C. Simmonett,
    A. E. DePrince III, E. G. Hohenstein, U. Bozkaya, A. Yu. Sokolov,
    R. Di Remigio, R. M. Richard, J. F. Gonthier, A. M. James,
    H. R. McAlexander, A. Kumar, M. Saitow, X. Wang, B. P. Pritchard,
    P. Verma, H. F. Schaefer III, K. Patkowski, R. A. King, E. F. Valeev,
    F. A. Evangelista, J. M. Turney, T. D. Crawford, and C. D. Sherrill,
    J. Chem. Theory Comput. 13(7) pp 3185--3197 (2017).
    (doi: 10.1021/acs.jctc.7b00174)

    -----------------------------------------------------------------------


    Psi4 started on: Friday, 04 May 2018 09:20PM

    Process ID: 22929
    Host:       ed7
    PSIDATADIR: /edfs/users/deprince/edeprince3/psi4/install/gnu-gpu-dfcc/share/psi4
    Memory:     500.0 MiB
    Threads:    6
    
  ==> Input File <==

--------------------------------------------------------------------------
#! cc-pvdz (H2O)2 Test DF-CCSD vs GPU-DF-CCSD

sys.path.insert(0,'../../../.')

import gpu_dfcc

molecule {
           O          0.000000000000     0.000000000000    -0.068516219310   
           H          0.000000000000    -0.790689573744     0.543701060724   
           H          0.000000000000     0.790689573744     0.543701060724   
symmetry c1
}

memory 32000 mb
set {
  cc_timings false
  num_gpus 1
  cc_type df
  df_basis_cc  aug-cc-pvdz-ri
  df_basis_scf aug-cc-pvdz-jkfit
  basis        aug-cc-pvdz
  freeze_core true
  e_convergence 1e-8
  d_convergence 1e-8
  r_convergence 1e-8
  scf_type df
  maxiter 30
}

en_dfcc     = energy('ccsd')
en_gpu_dfcc = energy('gpu-df-ccsd')

compare_values(en_gpu_dfcc, en_dfcc, 8, "CCSD total energy") # TEST

--------------------------------------------------------------------------

  Memory set to  29.802 GiB by Python driver.

*** tstart() called on ed7
*** at Fri May  4 21:20:17 2018

   => Loading Basis Set <=

    Name: AUG-CC-PVDZ
    Role: ORBITAL
    Keyword: BASIS
    atoms 1   entry O          line   250 file /edfs/users/deprince/edeprince3/psi4/install/gnu-gpu-dfcc/share/psi4/basis/aug-cc-pvdz.gbs 
    atoms 2-3 entry H          line    36 file /edfs/users/deprince/edeprince3/psi4/install/gnu-gpu-dfcc/share/psi4/basis/aug-cc-pvdz.gbs 

    There are an even number of electrons - assuming singlet.
    Specify the multiplicity in the molecule input block.


         ---------------------------------------------------------
                                   SCF
            by Justin Turney, Rob Parrish, Andy Simmonett
                             and Daniel Smith
                              RHF Reference
                        6 Threads,  30517 MiB Core
         ---------------------------------------------------------

  ==> Geometry <==

    Molecular point group: c1
    Full point group: C2v

    Geometry (in Angstrom), charge = 0, multiplicity = 1:

       Center              X                  Y                   Z               Mass       
    ------------   -----------------  -----------------  -----------------  -----------------
           O          0.000000000000    -0.000000000000    -0.068516219310    15.994914619560
           H          0.000000000000    -0.790689573744     0.543701060724     1.007825032070
           H          0.000000000000     0.790689573744     0.543701060724     1.007825032070

  Running in c1 symmetry.

  Rotational constants: A =     25.12555  B =     13.37733  C =      8.72955 [cm^-1]
  Rotational constants: A = 753245.06586  B = 401042.16407  C = 261705.25278 [MHz]
  Nuclear repulsion =    8.801465529973282

  Charge       = 0
  Multiplicity = 1
  Electrons    = 10
  Nalpha       = 5
  Nbeta        = 5

  ==> Algorithm <==

  SCF Algorithm Type is DF.
  DIIS enabled.
  MOM disabled.
  Fractional occupation disabled.
  Guess Type is SAD.
  Energy threshold   = 1.00e-08
  Density threshold  = 1.00e-08
  Integral threshold = 0.00e+00

  ==> Primary Basis <==

  Basis Set: AUG-CC-PVDZ
    Blend: AUG-CC-PVDZ
    Number of shells: 19
    Number of basis function: 41
    Number of Cartesian functions: 43
    Spherical Harmonics?: true
    Max angular momentum: 2

   => Loading Basis Set <=

    Name: AUG-CC-PVDZ-JKFIT
    Role: JKFIT
    Keyword: DF_BASIS_SCF
    atoms 1   entry O          line   270 file /edfs/users/deprince/edeprince3/psi4/install/gnu-gpu-dfcc/share/psi4/basis/aug-cc-pvdz-jkfit.gbs 
    atoms 2-3 entry H          line    70 file /edfs/users/deprince/edeprince3/psi4/install/gnu-gpu-dfcc/share/psi4/basis/aug-cc-pvdz-jkfit.gbs 

  ==> Pre-Iterations <==

   -------------------------------------------------------
    Irrep   Nso     Nmo     Nalpha   Nbeta   Ndocc  Nsocc
   -------------------------------------------------------
     A         41      41       0       0       0       0
   -------------------------------------------------------
    Total      41      41       5       5       5       0
   -------------------------------------------------------

  ==> Integral Setup <==

  ==> DFJK: Density-Fitted J/K Matrices <==

    J tasked:                  Yes
    K tasked:                  Yes
    wK tasked:                  No
    OpenMP threads:              6
    Integrals threads:           6
    Memory (MB):             22888
    Algorithm:                Core
    Integral Cache:           SAVE
    Schwarz Cutoff:          1E-12
    Fitting Condition:       1E-12

   => Auxiliary Basis Set <=

  Basis Set: AUG-CC-PVDZ-JKFIT
    Blend: AUG-CC-PVDZ-JKFIT
    Number of shells: 52
    Number of basis function: 150
    Number of Cartesian functions: 171
    Spherical Harmonics?: true
    Max angular momentum: 3

  Minimum eigenvalue in the overlap matrix is 3.1766171647E-03.
  Using Symmetric Orthogonalization.

  SCF Guess: Superposition of Atomic Densities via on-the-fly atomic UHF.

  ==> Iterations <==

                           Total Energy        Delta E     RMS |[F,P]|

   @DF-RHF iter   0:   -75.93968684015049   -7.59397e+01   6.58435e-02 
   @DF-RHF iter   1:   -75.99841453103807   -5.87277e-02   1.06623e-02 
   @DF-RHF iter   2:   -76.02500946468066   -2.65949e-02   8.13174e-03 DIIS
   @DF-RHF iter   3:   -76.03494325427252   -9.93379e-03   1.13967e-03 DIIS
   @DF-RHF iter   4:   -76.03556877733109   -6.25523e-04   3.52873e-04 DIIS
   @DF-RHF iter   5:   -76.03566332691976   -9.45496e-05   7.78454e-05 DIIS
   @DF-RHF iter   6:   -76.03566958022911   -6.25331e-06   1.06135e-05 DIIS
   @DF-RHF iter   7:   -76.03566968271610   -1.02487e-07   1.25143e-06 DIIS
   @DF-RHF iter   8:   -76.03566968371871   -1.00260e-09   2.30048e-07 DIIS
   @DF-RHF iter   9:   -76.03566968374462   -2.59064e-11   7.42100e-08 DIIS
   @DF-RHF iter  10:   -76.03566968374813   -3.51008e-12   1.61358e-08 DIIS
   @DF-RHF iter  11:   -76.03566968374849   -3.69482e-13   2.47978e-09 DIIS

  ==> Post-Iterations <==

    Orbital Energies [Eh]
    ---------------------

    Doubly Occupied:                                                      

       1A    -20.584239     2A     -1.335647     3A     -0.696479  
       4A     -0.577439     5A     -0.506106  

    Virtual:                                                              

       6A      0.034658     7A      0.057722     8A      0.174901  
       9A      0.198751    10A      0.219018    11A      0.232772  
      12A      0.278549    13A      0.326071    14A      0.382613  
      15A      0.397881    16A      0.427473    17A      0.532911  
      18A      0.636696    19A      0.654104    20A      0.794625  
      21A      0.917437    22A      1.105427    23A      1.117509  
      24A      1.145099    25A      1.291954    26A      1.454194  
      27A      1.470010    28A      1.572206    29A      1.971534  
      30A      1.988356    31A      2.082925    32A      2.346452  
      33A      2.398798    34A      2.533949    35A      2.701650  
      36A      2.959675    37A      3.671282    38A      3.683510  
      39A      3.694439    40A      3.974411    41A      4.219132  

    Final Occupation by Irrep:
              A 
    DOCC [     5 ]

  Energy converged.

  @DF-RHF Final Energy:   -76.03566968374849

   => Energetics <=

    Nuclear Repulsion Energy =              8.8014655299732816
    One-Electron Energy =                -122.2744484693920697
    Two-Electron Energy =                  37.4373132556702970
    Total Energy =                        -76.0356696837484947



Properties will be evaluated at   0.000000,   0.000000,   0.000000 [a0]

Properties computed using the SCF density matrix

  Nuclear Dipole Moment: [e a0]
     X:     0.0000      Y:     0.0000      Z:     1.0191

  Electronic Dipole Moment: [e a0]
     X:     0.0000      Y:    -0.0000      Z:    -0.2197

  Dipole Moment: [e a0]
     X:     0.0000      Y:    -0.0000      Z:     0.7994     Total:     0.7994

  Dipole Moment: [D]
     X:     0.0000      Y:    -0.0000      Z:     2.0319     Total:     2.0319


*** tstop() called on ed7 at Fri May  4 21:20:18 2018
Module time:
	user time   =       2.29 seconds =       0.04 minutes
	system time =       0.11 seconds =       0.00 minutes
	total time  =          1 seconds =       0.02 minutes
Total time:
	user time   =       2.29 seconds =       0.04 minutes
	system time =       0.11 seconds =       0.00 minutes
	total time  =          1 seconds =       0.02 minutes
   => Loading Basis Set <=

    Name: AUG-CC-PVDZ-JKFIT
    Role: JKFIT
    Keyword: DF_BASIS_SCF
    atoms 1   entry O          line   270 file /edfs/users/deprince/edeprince3/psi4/install/gnu-gpu-dfcc/share/psi4/basis/aug-cc-pvdz-jkfit.gbs 
    atoms 2-3 entry H          line    70 file /edfs/users/deprince/edeprince3/psi4/install/gnu-gpu-dfcc/share/psi4/basis/aug-cc-pvdz-jkfit.gbs 

   => Loading Basis Set <=

    Name: AUG-CC-PVDZ-RI
    Role: RIFIT
    Keyword: DF_BASIS_CC
    atoms 1   entry O          line   204 file /edfs/users/deprince/edeprince3/psi4/install/gnu-gpu-dfcc/share/psi4/basis/aug-cc-pvdz-ri.gbs 
    atoms 2-3 entry H          line    30 file /edfs/users/deprince/edeprince3/psi4/install/gnu-gpu-dfcc/share/psi4/basis/aug-cc-pvdz-ri.gbs 


*** tstart() called on ed7
*** at Fri May  4 21:20:18 2018



        *******************************************************
        *                                                     *
        *                       DF-CCSD                       *
        *                 Density-fitted CCSD                 *
        *                                                     *
        *                   Eugene DePrince                   *
        *                                                     *
        *******************************************************


  ==> 3-index integrals <==

  ==> DF Tensor (by Rob Parrish) <==

 => Primary Basis Set <= 

  Basis Set: AUG-CC-PVDZ
    Blend: AUG-CC-PVDZ
    Number of shells: 19
    Number of basis function: 41
    Number of Cartesian functions: 43
    Spherical Harmonics?: true
    Max angular momentum: 2

 => Auxiliary Basis Set <= 

  Basis Set: AUG-CC-PVDZ-RI
    Blend: AUG-CC-PVDZ-RI
    Number of shells: 40
    Number of basis function: 118
    Number of Cartesian functions: 136
    Spherical Harmonics?: true
    Max angular momentum: 3

    Number of auxiliary functions:         118

  ==> Memory <==

        Total memory available:           30517.58 mb

        CCSD memory requirements:             4.09 mb
            3-index integrals:                1.63 mb
            CCSD intermediates:               2.47 mb

  ==> Input parameters <==

        Freeze core orbitals?                 yes
        Use frozen natural orbitals?           no
        r_convergence:                  1.000e-08
        e_convergence:                  1.000e-08
        Number of DIIS vectors:                 8
        Number of frozen core orbitals:         1
        Number of active occupied orbitals:     4
        Number of active virtual orbitals:     36
        Number of frozen virtual orbitals:      0


  Begin singles and doubles coupled cluster iterations

   Iter  DIIS          Energy       d(Energy)          |d(T)|     time
      0   0 1   -0.2231285259   -0.2231285259    0.2144301454        0
      1   1 1   -0.2246170721   -0.0014885463    0.0405751259        0
      2   2 1   -0.2296017342   -0.0049846620    0.0139443386        0
      3   3 1   -0.2308839319   -0.0012821978    0.0059118960        0
      4   4 1   -0.2308069701    0.0000769618    0.0011170733        0
      5   5 1   -0.2308167209   -0.0000097508    0.0003793757        0
      6   6 1   -0.2308221279   -0.0000054070    0.0001020628        0
      7   7 1   -0.2308201713    0.0000019567    0.0000334453        0
      8   8 1   -0.2308199141    0.0000002572    0.0000099862        0
      9   8 2   -0.2308200034   -0.0000000893    0.0000035024        0
     10   8 3   -0.2308198444    0.0000001590    0.0000012419        0
     11   8 4   -0.2308198699   -0.0000000255    0.0000004179        1
     12   8 5   -0.2308198684    0.0000000015    0.0000001300        0
     13   8 6   -0.2308198730   -0.0000000045    0.0000000410        0
     14   8 7   -0.2308198740   -0.0000000010    0.0000000097        0

  CCSD iterations converged!

        T1 diagnostic:                        0.012977006764
        D1 diagnostic:                        0.028194769286

        OS MP2 correlation energy:           -0.166416231983
        SS MP2 correlation energy:           -0.056712293889
        MP2 correlation energy:              -0.223128525872
      * MP2 total energy:                   -76.258798209621

        OS CCSD correlation energy:          -0.181264461624
        SS CCSD correlation energy:          -0.049555412385
        CCSD correlation energy:             -0.230819874009
      * CCSD total energy:                  -76.266489557758

  Total time for CCSD iterations:       4.53 s (user)
                                        0.20 s (system)
                                           1 s (total)

  Time per iteration:                   0.32 s (user)
                                        0.01 s (system)
                                        0.07 s (total)

*** tstop() called on ed7 at Fri May  4 21:20:19 2018
Module time:
	user time   =       5.15 seconds =       0.09 minutes
	system time =       0.22 seconds =       0.00 minutes
	total time  =          1 seconds =       0.02 minutes
Total time:
	user time   =       8.10 seconds =       0.13 minutes
	system time =       0.37 seconds =       0.01 minutes
	total time  =          2 seconds =       0.03 minutes

*** tstop() called on ed7 at Fri May  4 21:20:19 2018
Module time:
	user time   =       5.15 seconds =       0.09 minutes
	system time =       0.22 seconds =       0.00 minutes
	total time  =          1 seconds =       0.02 minutes
Total time:
	user time   =       8.10 seconds =       0.13 minutes
	system time =       0.37 seconds =       0.01 minutes
	total time  =          2 seconds =       0.03 minutes

*** tstart() called on ed7
*** at Fri May  4 21:20:19 2018

   => Loading Basis Set <=

    Name: AUG-CC-PVDZ
    Role: ORBITAL
    Keyword: BASIS
    atoms 1   entry O          line   250 file /edfs/users/deprince/edeprince3/psi4/install/gnu-gpu-dfcc/share/psi4/basis/aug-cc-pvdz.gbs 
    atoms 2-3 entry H          line    36 file /edfs/users/deprince/edeprince3/psi4/install/gnu-gpu-dfcc/share/psi4/basis/aug-cc-pvdz.gbs 


         ---------------------------------------------------------
                                   SCF
            by Justin Turney, Rob Parrish, Andy Simmonett
                             and Daniel Smith
                              RHF Reference
                        6 Threads,  30517 MiB Core
         ---------------------------------------------------------

  ==> Geometry <==

    Molecular point group: c1
    Full point group: C2v

    Geometry (in Angstrom), charge = 0, multiplicity = 1:

       Center              X                  Y                   Z               Mass       
    ------------   -----------------  -----------------  -----------------  -----------------
           O          0.000000000000    -0.000000000000    -0.068516219310    15.994914619560
           H          0.000000000000    -0.790689573744     0.543701060724     1.007825032070
           H          0.000000000000     0.790689573744     0.543701060724     1.007825032070

  Running in c1 symmetry.

  Rotational constants: A =     25.12555  B =     13.37733  C =      8.72955 [cm^-1]
  Rotational constants: A = 753245.06586  B = 401042.16407  C = 261705.25278 [MHz]
  Nuclear repulsion =    8.801465529973282

  Charge       = 0
  Multiplicity = 1
  Electrons    = 10
  Nalpha       = 5
  Nbeta        = 5

  ==> Algorithm <==

  SCF Algorithm Type is DF.
  DIIS enabled.
  MOM disabled.
  Fractional occupation disabled.
  Guess Type is SAD.
  Energy threshold   = 1.00e-08
  Density threshold  = 1.00e-08
  Integral threshold = 0.00e+00

  ==> Primary Basis <==

  Basis Set: AUG-CC-PVDZ
    Blend: AUG-CC-PVDZ
    Number of shells: 19
    Number of basis function: 41
    Number of Cartesian functions: 43
    Spherical Harmonics?: true
    Max angular momentum: 2

   => Loading Basis Set <=

    Name: AUG-CC-PVDZ-JKFIT
    Role: JKFIT
    Keyword: DF_BASIS_SCF
    atoms 1   entry O          line   270 file /edfs/users/deprince/edeprince3/psi4/install/gnu-gpu-dfcc/share/psi4/basis/aug-cc-pvdz-jkfit.gbs 
    atoms 2-3 entry H          line    70 file /edfs/users/deprince/edeprince3/psi4/install/gnu-gpu-dfcc/share/psi4/basis/aug-cc-pvdz-jkfit.gbs 

  ==> Pre-Iterations <==

   -------------------------------------------------------
    Irrep   Nso     Nmo     Nalpha   Nbeta   Ndocc  Nsocc
   -------------------------------------------------------
     A         41      41       0       0       0       0
   -------------------------------------------------------
    Total      41      41       5       5       5       0
   -------------------------------------------------------

  ==> Integral Setup <==

  ==> DFJK: Density-Fitted J/K Matrices <==

    J tasked:                  Yes
    K tasked:                  Yes
    wK tasked:                  No
    OpenMP threads:              6
    Integrals threads:           6
    Memory (MB):             22888
    Algorithm:                Core
    Integral Cache:           SAVE
    Schwarz Cutoff:          1E-12
    Fitting Condition:       1E-12

   => Auxiliary Basis Set <=

  Basis Set: AUG-CC-PVDZ-JKFIT
    Blend: AUG-CC-PVDZ-JKFIT
    Number of shells: 52
    Number of basis function: 150
    Number of Cartesian functions: 171
    Spherical Harmonics?: true
    Max angular momentum: 3

  Minimum eigenvalue in the overlap matrix is 3.1766171647E-03.
  Using Symmetric Orthogonalization.

  SCF Guess: Superposition of Atomic Densities via on-the-fly atomic UHF.

  ==> Iterations <==

                           Total Energy        Delta E     RMS |[F,P]|

   @DF-RHF iter   0:   -76.00651830520931   -7.60065e+01   8.25822e-02 
   @DF-RHF iter   1:   -75.98590814360855    2.06102e-02   1.88220e-02 
   @DF-RHF iter   2:   -76.02171965345818   -3.58115e-02   9.10975e-03 DIIS
   @DF-RHF iter   3:   -76.03452263125885   -1.28030e-02   2.06179e-03 DIIS
   @DF-RHF iter   4:   -76.03552763166921   -1.00500e-03   4.88227e-04 DIIS
   @DF-RHF iter   5:   -76.03566295449065   -1.35323e-04   9.48983e-05 DIIS
   @DF-RHF iter   6:   -76.03566949846055   -6.54397e-06   2.02629e-05 DIIS
   @DF-RHF iter   7:   -76.03566967297493   -1.74514e-07   4.44572e-06 DIIS
   @DF-RHF iter   8:   -76.03566968334333   -1.03684e-08   8.90384e-07 DIIS
   @DF-RHF iter   9:   -76.03566968372893   -3.85597e-10   1.63304e-07 DIIS
   @DF-RHF iter  10:   -76.03566968373821   -9.27969e-12   2.88915e-08 DIIS
   @DF-RHF iter  11:   -76.03566968373858   -3.69482e-13   6.02773e-09 DIIS

  ==> Post-Iterations <==

    Orbital Energies [Eh]
    ---------------------

    Doubly Occupied:                                                      

       1A    -20.584239     2A     -1.335647     3A     -0.696479  
       4A     -0.577439     5A     -0.506106  

    Virtual:                                                              

       6A      0.034658     7A      0.057722     8A      0.174901  
       9A      0.198751    10A      0.219018    11A      0.232772  
      12A      0.278549    13A      0.326071    14A      0.382613  
      15A      0.397881    16A      0.427473    17A      0.532911  
      18A      0.636696    19A      0.654104    20A      0.794625  
      21A      0.917437    22A      1.105427    23A      1.117509  
      24A      1.145099    25A      1.291954    26A      1.454194  
      27A      1.470010    28A      1.572206    29A      1.971534  
      30A      1.988356    31A      2.082925    32A      2.346452  
      33A      2.398798    34A      2.533949    35A      2.701650  
      36A      2.959675    37A      3.671282    38A      3.683510  
      39A      3.694439    40A      3.974411    41A      4.219132  

    Final Occupation by Irrep:
              A 
    DOCC [     5 ]

  Energy converged.

  @DF-RHF Final Energy:   -76.03566968373858

   => Energetics <=

    Nuclear Repulsion Energy =              8.8014655299732816
    One-Electron Energy =                -122.2744484797418068
    Two-Electron Energy =                  37.4373132660299461
    Total Energy =                        -76.0356696837385755



Properties will be evaluated at   0.000000,   0.000000,   0.000000 [a0]

Properties computed using the SCF density matrix

  Nuclear Dipole Moment: [e a0]
     X:     0.0000      Y:     0.0000      Z:     1.0191

  Electronic Dipole Moment: [e a0]
     X:     0.0000      Y:    -0.0000      Z:    -0.2197

  Dipole Moment: [e a0]
     X:     0.0000      Y:    -0.0000      Z:     0.7994     Total:     0.7994

  Dipole Moment: [D]
     X:     0.0000      Y:    -0.0000      Z:     2.0319     Total:     2.0319


*** tstop() called on ed7 at Fri May  4 21:20:19 2018
Module time:
	user time   =       3.07 seconds =       0.05 minutes
	system time =       0.15 seconds =       0.00 minutes
	total time  =          0 seconds =       0.00 minutes
Total time:
	user time   =      11.23 seconds =       0.19 minutes
	system time =       0.52 seconds =       0.01 minutes
	total time  =          2 seconds =       0.03 minutes
   => Loading Basis Set <=

    Name: AUG-CC-PVDZ-JKFIT
    Role: JKFIT
    Keyword: DF_BASIS_SCF
    atoms 1   entry O          line   270 file /edfs/users/deprince/edeprince3/psi4/install/gnu-gpu-dfcc/share/psi4/basis/aug-cc-pvdz-jkfit.gbs 
    atoms 2-3 entry H          line    70 file /edfs/users/deprince/edeprince3/psi4/install/gnu-gpu-dfcc/share/psi4/basis/aug-cc-pvdz-jkfit.gbs 

   => Loading Basis Set <=

    Name: AUG-CC-PVDZ-RI
    Role: RIFIT
    Keyword: DF_BASIS_CC
    atoms 1   entry O          line   204 file /edfs/users/deprince/edeprince3/psi4/install/gnu-gpu-dfcc/share/psi4/basis/aug-cc-pvdz-ri.gbs 
    atoms 2-3 entry H          line    30 file /edfs/users/deprince/edeprince3/psi4/install/gnu-gpu-dfcc/share/psi4/basis/aug-cc-pvdz-ri.gbs 


Reading options from the GPU_DFCC block
Calling plugin gpu_dfcc.so.


  ==> 3-index integrals <==

  ==> DF Tensor (by Rob Parrish) <==

 => Primary Basis Set <= 

  Basis Set: AUG-CC-PVDZ
    Blend: AUG-CC-PVDZ
    Number of shells: 19
    Number of basis function: 41
    Number of Cartesian functions: 43
    Spherical Harmonics?: true
    Max angular momentum: 2

 => Auxiliary Basis Set <= 

  Basis Set: AUG-CC-PVDZ-RI
    Blend: AUG-CC-PVDZ-RI
    Number of shells: 40
    Number of basis function: 118
    Number of Cartesian functions: 136
    Spherical Harmonics?: true
    Max angular momentum: 3

    Number of auxiliary functions:         118


  _________________________________________________________
  CUDA device properties:
  name:                         Quadro GP100
  major version:                           6
  minor version:                           0
  canMapHostMemory:                        1
  totalGlobalMem:                      16278 mb
  sharedMemPerBlock:                   49152
  clockRate:                           1.442 ghz
  regsPerBlock:                        65536
  warpSize:                               32
  maxThreadsPerBlock:                   1024
  _________________________________________________________


  allocating gpu memory...  Total memory requirements:            4.13 mb
  3-index integrals:                    1.67 mb
  CCSD intermediates:                   2.47 mb


  Begin singles and doubles coupled cluster iterations

   Iter  DIIS          Energy       d(Energy)          |d(T)|     time
      0   0 1   -0.2231285271   -0.2231285271    0.2144301460        1
      1   1 1   -0.2246170728   -0.0014885457    0.0405751218        0
      2   2 1   -0.2296017347   -0.0049846618    0.0139443376        0
      3   3 1   -0.2308839322   -0.0012821976    0.0059118952        0
      4   4 1   -0.2308069705    0.0000769618    0.0011170732        0
      5   5 1   -0.2308167213   -0.0000097508    0.0003793758        0
      6   6 1   -0.2308221283   -0.0000054070    0.0001020629        0
      7   7 1   -0.2308201716    0.0000019567    0.0000334454        0
      8   8 1   -0.2308199144    0.0000002572    0.0000099863        0
      9   8 2   -0.2308200037   -0.0000000893    0.0000035025        0
     10   8 3   -0.2308198447    0.0000001590    0.0000012419        0
     11   8 4   -0.2308198703   -0.0000000255    0.0000004179        1
     12   8 5   -0.2308198688    0.0000000015    0.0000001300        0
     13   8 6   -0.2308198733   -0.0000000045    0.0000000410        0
     14   8 7   -0.2308198744   -0.0000000010    0.0000000097        0

  CCSD iterations converged!

        T1 diagnostic:                        0.012977002898
        D1 diagnostic:                        0.028194741357

        OS MP2 correlation energy:           -0.166416232781
        SS MP2 correlation energy:           -0.056712294318
        MP2 correlation energy:              -0.223128527099
      * MP2 total energy:                   -76.258798210838

        OS CCSD correlation energy:          -0.181264461937
        SS CCSD correlation energy:          -0.049555412435
        CCSD correlation energy:             -0.230819874372
      * CCSD total energy:                  -76.266489558111

  Total time for CCSD iterations:       7.92 s (user)
                                        8.24 s (system)
                                           2 s (total)

  Time per iteration:                   0.57 s (user)
                                        0.59 s (system)
                                        0.14 s (total)

*** tstop() called on ed7 at Fri May  4 21:20:25 2018
Module time:
	user time   =      13.35 seconds =       0.22 minutes
	system time =      12.13 seconds =       0.20 minutes
	total time  =          6 seconds =       0.10 minutes
Total time:
	user time   =      21.51 seconds =       0.36 minutes
	system time =      12.50 seconds =       0.21 minutes
	total time  =          8 seconds =       0.13 minutes
	CCSD total energy.................................................PASSED

    Psi4 stopped on: Friday, 04 May 2018 09:20PM
    Psi4 wall time for execution: 0:00:07.87

*** Psi4 exiting successfully. Buy a developer a beer!
